---
##01.02: InstrApply [apply -f -] namespace.yaml
apiVersion: v1
kind: Namespace
metadata:
  name: kt-test



---
##02.02: InstrApply [apply -f -] bank-vaults.yaml
apiVersion: apiextensions.k8s.io/v1beta1
kind: CustomResourceDefinition
metadata:
  name: vaults.vault.banzaicloud.com
  labels:
    example.com/gitops: kt-test
spec:
  group: vault.banzaicloud.com
  names:
    kind: Vault
    listKind: VaultList
    plural: vaults
    singular: vault
  scope: Namespaced
  version: v1alpha1

---
##02.03: InstrApply [apply -f -] bank-vaults.yaml
apiVersion: v1
kind: ServiceAccount
metadata:
  name: bank-vaults
  namespace: kt-test
  labels:
    example.com/gitops: kt-test
    
---
##02.04: InstrApply [apply -f -] bank-vaults.yaml

kind: ClusterRole
apiVersion: rbac.authorization.k8s.io/v1
metadata:
  name: bank-vaults
  labels:
    example.com/gitops: kt-test
rules:
- apiGroups:
  - vault.banzaicloud.com
  resources:
  - "*"
  verbs:
  - "*"
- apiGroups:
  - ""
  resources:
  - events
  - pods
  - services
  - configmaps
  - secrets
  verbs:
  - "*"
- apiGroups:
  - ""
  resources:
  - namespaces
  verbs:
  - get
  - list
  - watch
- apiGroups:
  - apps
  - extensions
  resources:
  - replicasets
  verbs:
  - get
- apiGroups:
  - apps
  - extensions
  resources:
  - deployments
  - deployments/finalizers
  - statefulsets
  verbs:
  - "*"
- apiGroups:
  - etcd.database.coreos.com
  resources:
  - "*"
  verbs:
  - "*"
- apiGroups:
  - apiextensions.k8s.io
  resources:
  - customresourcedefinitions
  verbs:
  - get
- apiGroups:
  - extensions
  resources:
  - ingresses
  verbs:
  - list
  - get
  - create
  - update
  - watch
- apiGroups:
  - monitoring.coreos.com
  resources:
  - servicemonitors
  verbs:
  - update
  - list
  - get
  - create
  - watch
  
---
##02.05: InstrApply [apply -f -] bank-vaults.yaml
kind: ClusterRoleBinding
apiVersion: rbac.authorization.k8s.io/v1
metadata:
  name: bank-vaults
  labels:
    example.com/gitops: kt-test
subjects:
- kind: ServiceAccount
  name: bank-vaults
  namespace: kt-test
roleRef:
  kind: ClusterRole
  name: bank-vaults
  apiGroup: rbac.authorization.k8s.io
  
---
##02.06: InstrApply [apply -f -] bank-vaults.yaml
apiVersion: apps/v1
kind: Deployment
metadata:
  name: bank-vaults
  namespace: kt-test
  labels:
    example.com/gitops: kt-test
spec:
  strategy:
    type: Recreate
  replicas: 1
  selector:
    matchLabels:
      app.kubernetes.io/name: bank-vaults
  template:
    metadata:
      labels:
        app.kubernetes.io/name: bank-vaults
    spec:
      containers:
        - name: operator
          image: docker.io/banzaicloud/vault-operator:1.3.3
          imagePullPolicy: IfNotPresent
          command:
            - vault-operator
            - -sync_period
            - "1m"
            - -verbose 
            - "true"
          env:
            # The namespace where the operator watches for vault CR objects, if not defined all namespaces are watched
            - name: WATCH_NAMESPACE
              value: ""
            - name: POD_NAME
              valueFrom:
                fieldRef:
                  fieldPath: metadata.name
            - name: OPERATOR_NAME
              value: bank-vaults
            - name: OPERATOR_LOG_LEVEL
              value: debug
          ports:
          - containerPort: 8080
          - containerPort: 8383
          livenessProbe:
            httpGet:
              path: "/"
              port: 8080
            initialDelaySeconds: 60
            periodSeconds: 10
            successThreshold: 1
            timeoutSeconds: 1
          readinessProbe:
            httpGet:
              path: "/ready"
              port: 8080
            periodSeconds: 10
            successThreshold: 1
            timeoutSeconds: 1
          resources:
            limits:
              cpu: 100m
              memory: 256Mi
            requests:
              cpu: 100m
              memory: 128Mi
             
      serviceAccountName: bank-vaults
      terminationGracePeriodSeconds: 10

---
##02.07: InstrApply [apply -f -] bank-vaults.yaml
apiVersion: v1
kind: Service
metadata:
  name: bank-vaults
  namespace: kt-test
  labels:
    example.com/gitops: kt-test
spec:
  type: ClusterIP
  ports:
  - port: 80
    targetPort: 8080
    protocol: TCP
    name: http
  - port: 8383
    protocol: TCP
    name: http-metrics
  selector:
    app.kubernetes.io/name: bank-vaults


---
##03.02: InstrApply [apply -f -] vault-rbac.yaml
kind: ServiceAccount
apiVersion: v1
metadata:
  name: vault
  namespace: kt-test
  labels:
    example.com/gitops: kt-test

---
##03.03: InstrApply [apply -f -] vault-rbac.yaml
kind: Role
apiVersion: rbac.authorization.k8s.io/v1
metadata:
  name: vault-secrets
  namespace: kt-test
  labels:
    example.com/gitops: kt-test
rules:
  - apiGroups:
      - ""
    resources:
      - secrets
    verbs:
      - "*"

---
##03.04: InstrApply [apply -f -] vault-rbac.yaml
kind: RoleBinding
apiVersion: rbac.authorization.k8s.io/v1
metadata:
  name: vault-secrets
  namespace: kt-test
  labels:
    example.com/gitops: kt-test
roleRef:
  kind: Role
  name: vault-secrets
  apiGroup: rbac.authorization.k8s.io
subjects:
  - kind: ServiceAccount
    name: vault

---
##03.05: InstrApply [apply -f -] vault-rbac.yaml
kind: RoleBinding
apiVersion: rbac.authorization.k8s.io/v1
metadata:
  name: vault-psp
  namespace: kt-test
  labels:
    example.com/gitops: kt-test
roleRef:
  kind: ClusterRole
  name: psp:privileged
  apiGroup: rbac.authorization.k8s.io
subjects:
  - kind: ServiceAccount
    name: vault

---
##03.06: InstrApply [apply -f -] vault-rbac.yaml
apiVersion: rbac.authorization.k8s.io/v1
kind: ClusterRoleBinding
metadata:
  name: vault-operator-auth-delegator
roleRef:
  apiGroup: rbac.authorization.k8s.io
  kind: ClusterRole
  name: system:auth-delegator
subjects:
- kind: ServiceAccount
  name: vault
  namespace: kt-test

---
##04.01: InstrApply [apply -f -] vault-cr.yaml
# Create Vault instance.

apiVersion: "vault.banzaicloud.com/v1alpha1"
kind: "Vault"
metadata:
  name: "vault"
  namespace: kt-test
  labels:
    example.com/gitops: kt-test
spec:
  size: 1
  image: docker.io/vault:1.3.6
  bankVaultsImage: docker.io/banzaicloud/bank-vaults:1.3.3
  statsdImage: docker.io/prom/statsd-exporter:v0.18.0

  # Common annotations for all created resources
  annotations:
    common/annotation: "true"
  
  # Vault Pods , Services and TLS Secret annotations
  vaultAnnotations:
    type/instance: "vault"
  
  # Vault Configurer Pods and Services annotations
  vaultConfigurerAnnotations:
    type/instance: "vaultconfigurer"

  # Vault Pods , Services and TLS Secret labels
  vaultLabels:
    example.com/log-format: "json"

  # Vault Configurer Pods and Services labels
  vaultConfigurerLabels:
    example.com/log-format: "string"

  #~ vaultPodSpec:
    #~ containers:
    #~ - name: vault
      #~ livenessProbe:
        #~ initialDelaySeconds: 30
  # Vault needs to run privileged to set memory locking (no memory swapping to disk).
  # After this has been set the vault service will run as user vault.
  vaultPodSpec:
    securityContext:
      privileged: true

  # Support for nodeAffinity Rules
  # nodeAffinity:
  #   requiredDuringSchedulingIgnoredDuringExecution:
  #     nodeSelectorTerms:
  #     - matchExpressions:
  #       - key : "node-role.kubernetes.io/your_role"
  #         operator: In
  #         values: ["true"]

  # Support for pod nodeSelector rules to control which nodes can be chosen to run
  # the given pods
  # nodeSelector:
  #   "node-role.kubernetes.io/your_role": "true"

  # Support for node tolerations that work together with node taints to control
  # the pods that can like on a node
  # tolerations:
  # - effect: NoSchedule
  #   key: node-role.kubernetes.io/your_role
  #   operator: Equal
  #   value: "true"

  # Specify the ServiceAccount where the Vault Pod and the Bank-Vaults configurer/unsealer is running
  serviceAccount: vault

  # Specify the Service's type where the Vault Service is exposed
  # Please note that some Ingress controllers like https://github.com/kubernetes/ingress-gce
  # forces you to expose your Service on a NodePort
  serviceType: ClusterIP

  # Request an Ingress controller with the default configuration
  ingress:
    # Specify Ingress object annotations here, if TLS is enabled (which is by default)
    # the operator will add NGINX, Traefik and HAProxy Ingress compatible annotations
    # to support TLS backends
    annotations:
    # Override the default Ingress specification here
    # This follows the same format as the standard Kubernetes Ingress
    # See: https://kubernetes.io/docs/reference/generated/kubernetes-api/v1.13/#ingressspec-v1beta1-extensions
    spec: {}

  # Use local disk to store Vault file data, see config section.
  volumes:
  - name: vault-file
    persistentVolumeClaim:
      claimName: vault-file

  volumeMounts:
  - name: vault-file
    mountPath: /vault/file

  # Support for distributing the generated CA certificate Secret to other namespaces.
  # Define a list of namespaces or use ["*"] for all namespaces.
  caNamespaces: [ kt-test ]

  # Describe where you would like to store the Vault unseal keys and root token.
  unsealConfig:
    options:
      # The preFlightChecks flag enables unseal and root token storage tests
      # This is true by default
      preFlightChecks: true
    kubernetes:
      secretNamespace: kt-test

  # A YAML representation of a final vault config file.
  # See https://www.vaultproject.io/docs/configuration/ for more information.
  config:
    storage:
      file:
        path: "${ .Env.VAULT_STORAGE_FILE }" # An example how Vault config environment interpolation can be used
    listener:
      tcp:
        address: "0.0.0.0:8200"
        # Uncommenting the following line and deleting tls_cert_file and tls_key_file disables TLS
        # tls_disable: true
        tls_cert_file: /vault/tls/server.crt
        tls_key_file: /vault/tls/server.key
    telemetry:
      statsd_address: localhost:9125
    ui: true

  # See: https://github.com/banzaicloud/bank-vaults#example-external-vault-configuration for more details.
  # (only applied on creation)
  externalConfig:
    policies:
    - name: allow_secrets
      rules: path "secret/*" {
          capabilities = ["create", "read", "update", "delete", "list"]
        }
    - name: read_secrets_data_infra_iitech
      rules: path "secret/data/infra/iitech/*" {
          capabilities = ["create", "read", "update", "delete", "list"]
        }
    - name: secret_ns_default
      rules: path "secret/data/ns/default/*" {
          capabilities = ["create", "read", "update", "delete", "list"]
        }
    - name: allow_pkixyz
      rules: path "pkixyz/*" {
          capabilities = ["create", "read", "update", "delete", "list"]
        }

    auth:
    - type: kubernetes
      roles:
      - name: default
        bound_service_account_names: ["vault"]
        bound_service_account_namespaces: [ kt-test]
        policies: allow_secrets
        ttl: 1h
    secrets:
    - type: kv
      path: secret
      description: General secrets.
      options:
        version: 2
    # The PKI secrets engine generates X.509 certificates
    # See https://www.vaultproject.io/docs/secrets/pki/index.html for more information
    - type: pki
      path: pkixyz
      description: Vault PKI Backend
      config:
        default_lease_ttl: 168h
        max_lease_ttl: 720h
      configuration:
        config:
        - name: urls
          issuing_certificates: https://vault.vault.kt-test:8200/v1/pkixyz/ca
          crl_distribution_points: https://vault.vault.kt-test:8200/v1/pkixyz/crl
        roles:
        - name: default
          allowed_domains: pod,svc,default
          allow_subdomains: true
          generate_lease: true
        - name: foobarer
          allowed_domains: foobar
          allow_subdomains: true
          generate_lease: true
          server_flag: false
          ttl: 30m

    # Allows writing some secrets to Vault (useful for development purposes).
    # See https://www.vaultproject.io/docs/secrets/kv/index.html for more information.
    startupSecrets:
    # infra
    - type: kv
      path: secret/data/ns/default/example
      data:
        data:
          name: superman
          password: supersecret

  vaultEnvsConfig:
  - name: VAULT_LOG_LEVEL
    value: debug
  - name: VAULT_STORAGE_FILE
    value: "/vault/file"

---
##04.02: InstrApply [apply -f -] vault-cr.yaml
apiVersion: v1
kind: PersistentVolumeClaim
metadata:
  name: vault-file
  namespace: "kt-test"
  labels:
    example.com/gitops: "kt-test"
spec:
  # https://kubernetes.io/docs/concepts/storage/persistent-volumes/#class-1
  # storageClassName: ""
  accessModes:
    - ReadWriteOnce
  resources:
    requests:
      storage: 1Gi

# ---
# apiVersion: v1
# kind: PersistentVolume
# metadata:
#   name: vault-file
# spec:
#   capacity:
#     storage: 1Gi
#   accessModes:
#   - ReadWriteOnce
#   persistentVolumeReclaimPolicy: Recycle
#   hostPath:
#     path: /vault/file

---
##05: InstrWait [wait --namespace kt-test --for condition=Ready pod vault-0]
---
##06: InstrAction [] get-vault-token.yaml
# type: getSecret
# namespace: kt-test
# name: vault-unseal-keys
# postCondition: gt (len (index .data "vault-root")) 10
# 
---
##07: InstrAction [portForward -n kt-test pod/vault-0 8200] set-vault-kv.yaml
# type: setVault
# url: https://localhost:8200
# tlsSkipVerify: "true"
# token: illegal base64 data at input byte 0
# config:
#   kv: # deprecated, only here for backwards compatibility test
#   - type: kv
#     path: secret/data/kubectltmplt/test
#     data:
#       data:
#         USER: superman
#         PW: supersecret
#   logicals:
#   - path: secret/data/kubectltmplt/txt
#     data:
#       data:
#         NAME: supersecret
#   - path: secret/data/kubectltmplt/json
#     data:
#       data:
#         USER: superman
#         PW: supersecret
#   - path: pkixyz/config/ca
#     data:
#       pem_bundle: "-----BEGIN CERTIFICATE-----\nMIIDjTCCAnWgAwIBAgIUZa4kPVQBUSY/vSmSZqZuOVB29xEwDQYJKoZIhvcNAQEL\nBQAwVjELMAkGA1UEBhMCbmwxCzAJBgNVBAgMAm5oMRIwEAYDVQQHDAlhbXN0ZXJk\nYW0xEDAOBgNVBAoMB2V4YW1wbGUxFDASBgNVBAMMC2V4YW1wbGUuY29tMB4XDTIw\nMTAwODEzMDU1NVoXDTIxMTAwODEzMDU1NVowVjELMAkGA1UEBhMCbmwxCzAJBgNV\nBAgMAm5oMRIwEAYDVQQHDAlhbXN0ZXJkYW0xEDAOBgNVBAoMB2V4YW1wbGUxFDAS\nBgNVBAMMC2V4YW1wbGUuY29tMIIBIjANBgkqhkiG9w0BAQEFAAOCAQ8AMIIBCgKC\nAQEAtAKdbbv/72AkjSyAyyWT12uyPiIe8FFGDuZ9bqgR0g9gf23pPJjZWIH7H9Y6\nP2nZIceKq1uZoBGoyq91LP2m4pp0st+roKjU0UFzpCeLS6UnUptXPe13HiyOqEPl\nFrZfjZMssINqkaYukHXUmyoTiDZwNr+x86ySYrrnHXccLtFSacvV976yQvF0Ue+k\nhtyxlJzOrN5311mU8La/ysq8xnf2BeTK1L2syuYrX+zVrZ4r4A2lnbIEWAHvTdHN\n6PYPv6wm2whTsSeHgZDecOUdTTRQEf6HIlUbiJPEkCB6BAuA5Zdl8yKAlGJD3hUP\ndk9vu/aW/bwN6rb4NjXV7unJgQIDAQABo1MwUTAdBgNVHQ4EFgQU0g9A0o86Hczf\njydHO+cxAhhGgGcwHwYDVR0jBBgwFoAU0g9A0o86HczfjydHO+cxAhhGgGcwDwYD\nVR0TAQH/BAUwAwEB/zANBgkqhkiG9w0BAQsFAAOCAQEAczOHL6df8ShB/t5dCgox\nVNkyOIl028CvoC0ZL4dBbFCXzK0dyGbd/YBoc8Wqmj0dlW/qd6oeD/RR07PxIvFE\nPSBvk3oWG+iuu569tMngmCIr4qHuE+OXA1x6KdVQqzu+DaPIOWyLcen3vZo2VdAI\nlGs56+OZu1vFkFtJsnHTYagDZZv7UqUI9nOW0Vd3AgdynPeiCrD2+YY3jr8gYjkf\nDa/gf8m8N4VvLDS/Gm5N/elNHmThTuh19TgLMgB968PAkzrclvwNm8Mm2s2yw//x\nN4uKzE+xI29KS4NGjJYgj0Gtr8/xLsYNLo6DtlcEQfibtjJOnmsd9s4MCgo09Mgx\n9w==\n-----END CERTIFICATE-----\n-----BEGIN PRIVATE KEY-----\nMIIEvAIBADANBgkqhkiG9w0BAQEFAASCBKYwggSiAgEAAoIBAQC0Ap1tu//vYCSN\nLIDLJZPXa7I+Ih7wUUYO5n1uqBHSD2B/bek8mNlYgfsf1jo/adkhx4qrW5mgEajK\nr3Us/abimnSy36ugqNTRQXOkJ4tLpSdSm1c97XceLI6oQ+UWtl+Nkyywg2qRpi6Q\nddSbKhOINnA2v7HzrJJiuucddxwu0VJpy9X3vrJC8XRR76SG3LGUnM6s3nfXWZTw\ntr/KyrzGd/YF5MrUvazK5itf7NWtnivgDaWdsgRYAe9N0c3o9g+/rCbbCFOxJ4eB\nkN5w5R1NNFAR/ociVRuIk8SQIHoEC4Dll2XzIoCUYkPeFQ92T2+79pb9vA3qtvg2\nNdXu6cmBAgMBAAECggEAeks8gQy0OABtVKvjZCBHbJbyJVwxALt2iTD2DnOIh9mC\niZA2YMDHCGZmIZ79O4/BwD08bGZy3Fii//Br/wDknBarKcrjYubQjsmUsvVaoS22\npVx7zMrDnnBPCun1fZSxHhHazqC5ifIIuIQUyMWxN10kp01crFuVqBWqZk5Bi1vt\n3JQiDVc8/FWqAmNMww1M1RY//c0+VTpxjusLFP4aN6czF9HszgwG3BIwFgf2ZKfw\ncTrb6uRZVrJ0IL5ky1Nky8QXAXJnHLuaamGEmUuOpr/50gjQBmCSL0pZ9r3Y65yd\nqdTN5dyj8ZYi5OObkde/YOJu43ZhhO7IrMdPBM2nsQKBgQDms/5vv4IY67oVK/V3\nyr21uuwIIeT7IfF63rY+B4+ktN84K0wMnoFYvwLEoXa17z11Y8KeTanw94ab4bns\ndQiX8JNd5iwEZy4nxlpobk+kEWNUasFEFso7Fagg0njFD74U9fHz96ipsbNjpLUy\n9tgclubd4YaGR7cBP9MSI5JbLwKBgQDHv6JmO/SB3ICWI2TTQYCdT7nO0niIK7su\nO4Lr+JTRJzr7itqVx7LQJcdpLjxHjRPvuQ9c7V1yLv1MjNokmXvOnIRtNI8rHeSK\nuksNARaLFyoCGrlrtjC9uLIipGFmv/ij/kJkDX4PkJab/gAFxcEk3hOcdzsukPGs\nVXCoQ5k6TwKBgHxWO+YMR9iYi0TH2VcDrLUaFgXYBqoWxCfdikjqGE/Dr559L1KJ\nxtqGr74761fopa3z4zsgTlvxe9ndkS/Qb5476aCs4cJJvcVwEN/BvCiHuooPszO4\nOKwZYvC1nqNOdbqkRw+exYcXn8AvT/00rorSBYFGABO06PvCY0aeZ02/AoGAE9zt\nlEcAAG3h54wreYp49Ku56WQqkjfvDCDk2vxEKCxDhEIBjIVoNaScGMx9OAxCYENB\n0NbVxQYBMDyNcLhGhHwx+v4QApSdZmIyFl/2UuyBw+XObHSYkjUsmZ9JBEOwwPYG\nuhZRY9DX+Tkf3XMVysm+n3+HxhCpx55TbpgSQ6cCgYAehMPUKSRCO+uHxN27P2IR\nuPnCppphcu/LYqtOOxvT9rB0xDjRSsjDYvoSf2ixNgZscljTHqExjHHSBmDhM21D\n0/Md1WV6EYAEG2Lc4K0ZDJpaoD6WN2uT936s9tp730eCbUC7Mvv80lL5GroMW9Uf\n3v2BwLWW7ng1QFnoBMi8fw==\n-----END PRIVATE KEY-----\n"
#   policies:
#   - name: pkixyz_issue
#     rule: path "pkixyz/issue/*" {
#         capabilities = ["create", "update"]
#       }
